####Block: Master Category
ABILITYCATEGORY:Special Ability	VISIBLE:NO	EDITABLE:NO	EDITPOOL:YES	FRACTIONALPOOL:NO	CATEGORY:Special Ability

###Block: FEATs and Subgroups
ABILITYCATEGORY:Dragon Shaman Skill Focus	VISIBLE:QUALIFY	EDITABLE:YES	EDITPOOL:YES	FRACTIONALPOOL:NO	CATEGORY:FEAT	TYPE:DRACONICSKILLFOCUS	PLURAL:Dragon Shaman Skill Focuses	POOL:DRACONICSKILLFOCUS	DISPLAYLOCATION:Feats

###Block: Special Ability and Subgroups
ABILITYCATEGORY:Draconic Aura	VISIBLE:QUALIFY	EDITABLE:YES	EDITPOOL:YES	FRACTIONALPOOL:NO	POOL:DRACONICAURASKNOWN	CATEGORY:Supernatural	TYPE:DraconicAura.Aura.Supernatural	PLURAL:Draconic Auras	DISPLAYLOCATION:Class Abilities

#ABILITYCATEGORY:Draconic Aura	VISIBLE:QUALIFY	EDITABLE:YES	EDITPOOL:YES FRACTIONALPOOL:NO	CATEGORY:Supernatural	DISPLAYLOCATION:Class Abilities

ABILITYCATEGORY:Harpers Favored Enemy			VISIBLE:QUALIFY	EDITABLE:YES		EDITPOOL:YES	FRACTIONALPOOL:NO		POOL:HarpersFavoredEnemies	CATEGORY:Special Ability	TYPE:HarpersFavoredEnemy		PLURAL:Harper Favored Enemies			DISPLAYLOCATION:Class Abilities

ABILITYCATEGORY:Harper Priest Blessing	VISIBLE:QUALIFY	EDITABLE:YES	EDITPOOL:YES	FRACTIONALPOOL:NO	POOL:HarperPriestBlessings	CATEGORY:Special Ability	TYPE:HarperPriestBlessing	PLURAL:Harper Priest Blessings	DISPLAYLOCATION:Class Abilities
